
> frontend@0.1.0 start
> next start

   ▲ Next.js 15.5.6
   - Local:        http://localhost:3000
   - Network:      http://134.199.197.42:3000

 ✓ Starting...
 ⚠ Warning: Next.js inferred your workspace root, but it may not be correct.
 We detected multiple lockfiles and selected the directory of /opt/livekit1/package-lock.json as the root directory.
 To silence this warning, set `outputFileTracingRoot` in your Next.js config, or consider removing one of the lockfiles if it's not needed.
   See https://nextjs.org/docs/app/api-reference/config/next-config-js/output#caveats for more information.
 Detected additional lockfiles: 
   * /opt/livekit1/frontend/package-lock.json

 ✓ Ready in 1032ms
 LOCALHOST BYPASS ENABLED
 Middleware check: /, session: NONE
 Middleware check: /dashboard/agents, session: epicsmarters@gmail.com
✅ User epicsmarters@gmail.com - has active subscription
 Middleware check: /dashboard/phone-numbers, session: epicsmarters@gmail.com
✅ User epicsmarters@gmail.com - has active subscription
 Middleware check: /dashboard, session: epicsmarters@gmail.com
✅ User epicsmarters@gmail.com - has active subscription
 Middleware check: /dashboard/testing, session: epicsmarters@gmail.com
✅ User epicsmarters@gmail.com - has active subscription
 Middleware check: /dashboard/calls, session: epicsmarters@gmail.com
✅ User epicsmarters@gmail.com - has active subscription
 Middleware check: /dashboard/leads, session: epicsmarters@gmail.com
✅ User epicsmarters@gmail.com - has active subscription
 Middleware check: /dashboard/campaigns, session: epicsmarters@gmail.com
✅ User epicsmarters@gmail.com - has active subscription
 Middleware check: /dashboard/funnels, session: epicsmarters@gmail.com
✅ User epicsmarters@gmail.com - has active subscription
 Middleware check: /dashboard/analytics, session: epicsmarters@gmail.com
✅ User epicsmarters@gmail.com - has active subscription
 Middleware check: /dashboard/settings/brand-kits, session: epicsmarters@gmail.com
✅ User epicsmarters@gmail.com - has active subscription
 Middleware check: /dashboard/marketplace, session: epicsmarters@gmail.com
✅ User epicsmarters@gmail.com - has active subscription
 Middleware check: /dashboard/white-label, session: epicsmarters@gmail.com
✅ User epicsmarters@gmail.com - has active subscription
 Middleware check: /dashboard/api-keys, session: epicsmarters@gmail.com
✅ User epicsmarters@gmail.com - has active subscription
 Middleware check: /dashboard/integrations/webhooks, session: epicsmarters@gmail.com
✅ User epicsmarters@gmail.com - has active subscription
 Middleware check: /dashboard/settings, session: epicsmarters@gmail.com
✅ User epicsmarters@gmail.com - has active subscription
 Middleware check: /dashboard/agents, session: epicsmarters@gmail.com
✅ User epicsmarters@gmail.com - has active subscription
 Middleware check: /dashboard, session: epicsmarters@gmail.com
✅ User epicsmarters@gmail.com - has active subscription
 Middleware check: /dashboard/testing, session: epicsmarters@gmail.com
✅ User epicsmarters@gmail.com - has active subscription
 Middleware check: /dashboard/phone-numbers, session: epicsmarters@gmail.com
✅ User epicsmarters@gmail.com - has active subscription
 Middleware check: /dashboard/calls, session: epicsmarters@gmail.com
✅ User epicsmarters@gmail.com - has active subscription
 Middleware check: /dashboard/leads, session: epicsmarters@gmail.com
✅ User epicsmarters@gmail.com - has active subscription
 Middleware check: /dashboard/campaigns, session: epicsmarters@gmail.com
✅ User epicsmarters@gmail.com - has active subscription
 Middleware check: /dashboard/funnels, session: epicsmarters@gmail.com
✅ User epicsmarters@gmail.com - has active subscription
 Middleware check: /dashboard/analytics, session: epicsmarters@gmail.com
✅ User epicsmarters@gmail.com - has active subscription
 Middleware check: /dashboard/settings/brand-kits, session: epicsmarters@gmail.com
✅ User epicsmarters@gmail.com - has active subscription
 Middleware check: /dashboard/marketplace, session: epicsmarters@gmail.com
✅ User epicsmarters@gmail.com - has active subscription
 Middleware check: /dashboard/white-label, session: epicsmarters@gmail.com
✅ User epicsmarters@gmail.com - has active subscription
 Middleware check: /dashboard/api-keys, session: epicsmarters@gmail.com
✅ User epicsmarters@gmail.com - has active subscription
 Middleware check: /dashboard/integrations/webhooks, session: epicsmarters@gmail.com
✅ User epicsmarters@gmail.com - has active subscription
 Middleware check: /dashboard/settings, session: epicsmarters@gmail.com
✅ User epicsmarters@gmail.com - has active subscription
 Middleware check: /dashboard/agents, session: epicsmarters@gmail.com
✅ User epicsmarters@gmail.com - has active subscription
 Middleware check: /dashboard, session: epicsmarters@gmail.com
✅ User epicsmarters@gmail.com - has active subscription
 Middleware check: /dashboard/agents, session: epicsmarters@gmail.com
✅ User epicsmarters@gmail.com - has active subscription
 Middleware check: /dashboard, session: epicsmarters@gmail.com
✅ User epicsmarters@gmail.com - has active subscription
 Middleware check: /dashboard/phone-numbers, session: epicsmarters@gmail.com
✅ User epicsmarters@gmail.com - has active subscription
 Middleware check: /dashboard/testing, session: epicsmarters@gmail.com
✅ User epicsmarters@gmail.com - has active subscription
 Middleware check: /dashboard/calls, session: epicsmarters@gmail.com
✅ User epicsmarters@gmail.com - has active subscription
 Middleware check: /dashboard/leads, session: epicsmarters@gmail.com
✅ User epicsmarters@gmail.com - has active subscription
 Middleware check: /dashboard/campaigns, session: epicsmarters@gmail.com
✅ User epicsmarters@gmail.com - has active subscription
 Middleware check: /dashboard/funnels, session: epicsmarters@gmail.com
✅ User epicsmarters@gmail.com - has active subscription
 Middleware check: /dashboard/analytics, session: epicsmarters@gmail.com
✅ User epicsmarters@gmail.com - has active subscription
 Middleware check: /dashboard/settings/brand-kits, session: epicsmarters@gmail.com
✅ User epicsmarters@gmail.com - has active subscription
 Middleware check: /dashboard/marketplace, session: epicsmarters@gmail.com
✅ User epicsmarters@gmail.com - has active subscription
 Middleware check: /dashboard/white-label, session: epicsmarters@gmail.com
✅ User epicsmarters@gmail.com - has active subscription
 Middleware check: /dashboard/api-keys, session: epicsmarters@gmail.com
✅ User epicsmarters@gmail.com - has active subscription
 Middleware check: /dashboard/integrations/webhooks, session: epicsmarters@gmail.com
✅ User epicsmarters@gmail.com - has active subscription
 Middleware check: /dashboard/settings, session: epicsmarters@gmail.com
✅ User epicsmarters@gmail.com - has active subscription
 Middleware check: /dashboard/agents, session: epicsmarters@gmail.com
✅ User epicsmarters@gmail.com - has active subscription
 Middleware check: /dashboard, session: epicsmarters@gmail.com
✅ User epicsmarters@gmail.com - has active subscription
 Middleware check: /dashboard/phone-numbers, session: epicsmarters@gmail.com
✅ User epicsmarters@gmail.com - has active subscription
 Middleware check: /dashboard/testing, session: epicsmarters@gmail.com
✅ User epicsmarters@gmail.com - has active subscription
 Middleware check: /dashboard/calls, session: epicsmarters@gmail.com
✅ User epicsmarters@gmail.com - has active subscription
 Middleware check: /dashboard/leads, session: epicsmarters@gmail.com
✅ User epicsmarters@gmail.com - has active subscription
 Middleware check: /dashboard/campaigns, session: epicsmarters@gmail.com
✅ User epicsmarters@gmail.com - has active subscription
 Middleware check: /dashboard/funnels, session: epicsmarters@gmail.com
✅ User epicsmarters@gmail.com - has active subscription
 Middleware check: /dashboard/analytics, session: epicsmarters@gmail.com
✅ User epicsmarters@gmail.com - has active subscription
 Middleware check: /dashboard/settings/brand-kits, session: epicsmarters@gmail.com
✅ User epicsmarters@gmail.com - has active subscription
 Middleware check: /dashboard/marketplace, session: epicsmarters@gmail.com
✅ User epicsmarters@gmail.com - has active subscription
 Middleware check: /dashboard/white-label, session: epicsmarters@gmail.com
✅ User epicsmarters@gmail.com - has active subscription
 Middleware check: /dashboard/api-keys, session: epicsmarters@gmail.com
✅ User epicsmarters@gmail.com - has active subscription
 Middleware check: /dashboard/integrations/webhooks, session: epicsmarters@gmail.com
✅ User epicsmarters@gmail.com - has active subscription
 Middleware check: /dashboard/settings, session: epicsmarters@gmail.com
✅ User epicsmarters@gmail.com - has active subscription
 Middleware check: /app/.git/config, session: NONE
 Middleware check: /dashboard/agents, session: epicsmarters@gmail.com
✅ User epicsmarters@gmail.com - has active subscription
 Middleware check: /dashboard, session: epicsmarters@gmail.com
✅ User epicsmarters@gmail.com - has active subscription
 Middleware check: /dashboard/phone-numbers, session: epicsmarters@gmail.com
✅ User epicsmarters@gmail.com - has active subscription
 Middleware check: /dashboard/testing, session: epicsmarters@gmail.com
✅ User epicsmarters@gmail.com - has active subscription
 Middleware check: /dashboard/calls, session: epicsmarters@gmail.com
✅ User epicsmarters@gmail.com - has active subscription
 Middleware check: /dashboard/leads, session: epicsmarters@gmail.com
✅ User epicsmarters@gmail.com - has active subscription
 Middleware check: /dashboard/campaigns, session: epicsmarters@gmail.com
✅ User epicsmarters@gmail.com - has active subscription
 Middleware check: /dashboard/funnels, session: epicsmarters@gmail.com
✅ User epicsmarters@gmail.com - has active subscription
 Middleware check: /dashboard/analytics, session: epicsmarters@gmail.com
✅ User epicsmarters@gmail.com - has active subscription
 Middleware check: /dashboard/settings/brand-kits, session: epicsmarters@gmail.com
✅ User epicsmarters@gmail.com - has active subscription
 Middleware check: /dashboard/marketplace, session: epicsmarters@gmail.com
✅ User epicsmarters@gmail.com - has active subscription
 Middleware check: /dashboard/white-label, session: epicsmarters@gmail.com
✅ User epicsmarters@gmail.com - has active subscription
 Middleware check: /dashboard/api-keys, session: epicsmarters@gmail.com
✅ User epicsmarters@gmail.com - has active subscription
 Middleware check: /dashboard/integrations/webhooks, session: epicsmarters@gmail.com
✅ User epicsmarters@gmail.com - has active subscription
 Middleware check: /dashboard/settings, session: epicsmarters@gmail.com
✅ User epicsmarters@gmail.com - has active subscription
 Middleware check: /dashboard/agents, session: epicsmarters@gmail.com
✅ User epicsmarters@gmail.com - has active subscription
 Middleware check: /dashboard, session: epicsmarters@gmail.com
✅ User epicsmarters@gmail.com - has active subscription
 Middleware check: /dashboard/phone-numbers, session: epicsmarters@gmail.com
✅ User epicsmarters@gmail.com - has active subscription
 Middleware check: /dashboard/testing, session: epicsmarters@gmail.com
✅ User epicsmarters@gmail.com - has active subscription
 Middleware check: /dashboard/calls, session: epicsmarters@gmail.com
✅ User epicsmarters@gmail.com - has active subscription
 Middleware check: /dashboard/leads, session: epicsmarters@gmail.com
✅ User epicsmarters@gmail.com - has active subscription
 Middleware check: /dashboard/campaigns, session: epicsmarters@gmail.com
✅ User epicsmarters@gmail.com - has active subscription
 Middleware check: /dashboard/funnels, session: epicsmarters@gmail.com
✅ User epicsmarters@gmail.com - has active subscription
 Middleware check: /dashboard/analytics, session: epicsmarters@gmail.com
✅ User epicsmarters@gmail.com - has active subscription
 Middleware check: /dashboard/settings/brand-kits, session: epicsmarters@gmail.com
✅ User epicsmarters@gmail.com - has active subscription
 Middleware check: /dashboard/marketplace, session: epicsmarters@gmail.com
✅ User epicsmarters@gmail.com - has active subscription
 Middleware check: /dashboard/white-label, session: epicsmarters@gmail.com
✅ User epicsmarters@gmail.com - has active subscription
 Middleware check: /dashboard/api-keys, session: epicsmarters@gmail.com
✅ User epicsmarters@gmail.com - has active subscription
 Middleware check: /dashboard/integrations/webhooks, session: epicsmarters@gmail.com
✅ User epicsmarters@gmail.com - has active subscription
 Middleware check: /dashboard/settings, session: epicsmarters@gmail.com
✅ User epicsmarters@gmail.com - has active subscription
 Middleware check: /dashboard/agents, session: epicsmarters@gmail.com
✅ User epicsmarters@gmail.com - has active subscription
 Middleware check: /dashboard/phone-numbers, session: epicsmarters@gmail.com
✅ User epicsmarters@gmail.com - has active subscription
 Middleware check: /dashboard/testing, session: epicsmarters@gmail.com
✅ User epicsmarters@gmail.com - has active subscription
 Middleware check: /dashboard, session: epicsmarters@gmail.com
✅ User epicsmarters@gmail.com - has active subscription
 Middleware check: /dashboard/calls, session: epicsmarters@gmail.com
✅ User epicsmarters@gmail.com - has active subscription
 Middleware check: /dashboard/leads, session: epicsmarters@gmail.com
✅ User epicsmarters@gmail.com - has active subscription
 Middleware check: /dashboard/campaigns, session: epicsmarters@gmail.com
✅ User epicsmarters@gmail.com - has active subscription
 Middleware check: /dashboard/funnels, session: epicsmarters@gmail.com
✅ User epicsmarters@gmail.com - has active subscription
 Middleware check: /dashboard/analytics, session: epicsmarters@gmail.com
✅ User epicsmarters@gmail.com - has active subscription
 Middleware check: /dashboard/settings/brand-kits, session: epicsmarters@gmail.com
✅ User epicsmarters@gmail.com - has active subscription
 Middleware check: /dashboard/marketplace, session: epicsmarters@gmail.com
✅ User epicsmarters@gmail.com - has active subscription
 Middleware check: /dashboard/white-label, session: epicsmarters@gmail.com
✅ User epicsmarters@gmail.com - has active subscription
 Middleware check: /dashboard/api-keys, session: epicsmarters@gmail.com
✅ User epicsmarters@gmail.com - has active subscription
 Middleware check: /dashboard/integrations/webhooks, session: epicsmarters@gmail.com
✅ User epicsmarters@gmail.com - has active subscription
 Middleware check: /dashboard/settings, session: epicsmarters@gmail.com
✅ User epicsmarters@gmail.com - has active subscription
Error fetching SIP status: TypeError: fetch failed
    at async x (.next/server/app/api/user/agents/[id]/sip-status/route.js:1:4793)
    at async k (.next/server/app/api/user/agents/[id]/sip-status/route.js:1:7911)
    at async g (.next/server/app/api/user/agents/[id]/sip-status/route.js:1:8914)
    at async D (.next/server/app/api/user/agents/[id]/sip-status/route.js:1:10036) {
  [cause]: [AggregateError: ] { code: 'ECONNREFUSED' }
}
Error fetching SIP status: TypeError: fetch failed
    at async x (.next/server/app/api/user/agents/[id]/sip-status/route.js:1:4793)
    at async k (.next/server/app/api/user/agents/[id]/sip-status/route.js:1:7911)
    at async g (.next/server/app/api/user/agents/[id]/sip-status/route.js:1:8914)
    at async D (.next/server/app/api/user/agents/[id]/sip-status/route.js:1:10036) {
  [cause]: [AggregateError: ] { code: 'ECONNREFUSED' }
}
Error fetching SIP status: TypeError: fetch failed
    at async x (.next/server/app/api/user/agents/[id]/sip-status/route.js:1:4793)
    at async k (.next/server/app/api/user/agents/[id]/sip-status/route.js:1:7911)
    at async g (.next/server/app/api/user/agents/[id]/sip-status/route.js:1:8914)
    at async D (.next/server/app/api/user/agents/[id]/sip-status/route.js:1:10036) {
  [cause]: [AggregateError: ] { code: 'ECONNREFUSED' }
}
Error fetching SIP status: TypeError: fetch failed
    at async x (.next/server/app/api/user/agents/[id]/sip-status/route.js:1:4793)
    at async k (.next/server/app/api/user/agents/[id]/sip-status/route.js:1:7911)
    at async g (.next/server/app/api/user/agents/[id]/sip-status/route.js:1:8914)
    at async D (.next/server/app/api/user/agents/[id]/sip-status/route.js:1:10036) {
  [cause]: [AggregateError: ] { code: 'ECONNREFUSED' }
}
Error fetching SIP status: TypeError: fetch failed
    at async x (.next/server/app/api/user/agents/[id]/sip-status/route.js:1:4793)
    at async k (.next/server/app/api/user/agents/[id]/sip-status/route.js:1:7911)
    at async g (.next/server/app/api/user/agents/[id]/sip-status/route.js:1:8914)
    at async D (.next/server/app/api/user/agents/[id]/sip-status/route.js:1:10036) {
  [cause]: [AggregateError: ] { code: 'ECONNREFUSED' }
}
 Middleware check: /, session: NONE
 Middleware check: /dashboard/agents, session: epicsmarters@gmail.com
✅ User epicsmarters@gmail.com - has active subscription
 Middleware check: /dashboard, session: epicsmarters@gmail.com
✅ User epicsmarters@gmail.com - has active subscription
 Middleware check: /dashboard/phone-numbers, session: epicsmarters@gmail.com
✅ User epicsmarters@gmail.com - has active subscription
 Middleware check: /dashboard/calls, session: epicsmarters@gmail.com
✅ User epicsmarters@gmail.com - has active subscription
 Middleware check: /dashboard/leads, session: epicsmarters@gmail.com
✅ User epicsmarters@gmail.com - has active subscription
 Middleware check: /dashboard/testing, session: epicsmarters@gmail.com
✅ User epicsmarters@gmail.com - has active subscription
 Middleware check: /dashboard/campaigns, session: epicsmarters@gmail.com
✅ User epicsmarters@gmail.com - has active subscription
 Middleware check: /dashboard/funnels, session: epicsmarters@gmail.com
✅ User epicsmarters@gmail.com - has active subscription
 Middleware check: /dashboard/analytics, session: epicsmarters@gmail.com
✅ User epicsmarters@gmail.com - has active subscription
 Middleware check: /dashboard/settings/brand-kits, session: epicsmarters@gmail.com
✅ User epicsmarters@gmail.com - has active subscription
 Middleware check: /dashboard/marketplace, session: epicsmarters@gmail.com
✅ User epicsmarters@gmail.com - has active subscription
 Middleware check: /dashboard/white-label, session: epicsmarters@gmail.com
✅ User epicsmarters@gmail.com - has active subscription
 Middleware check: /dashboard/api-keys, session: epicsmarters@gmail.com
✅ User epicsmarters@gmail.com - has active subscription
 Middleware check: /dashboard/integrations/webhooks, session: epicsmarters@gmail.com
✅ User epicsmarters@gmail.com - has active subscription
 Middleware check: /dashboard/settings, session: epicsmarters@gmail.com
✅ User epicsmarters@gmail.com - has active subscription
 Middleware check: /dashboard/agents, session: epicsmarters@gmail.com
✅ User epicsmarters@gmail.com - has active subscription
 Middleware check: /dashboard, session: epicsmarters@gmail.com
✅ User epicsmarters@gmail.com - has active subscription
 Middleware check: /dashboard/phone-numbers, session: epicsmarters@gmail.com
✅ User epicsmarters@gmail.com - has active subscription
 Middleware check: /dashboard/testing, session: epicsmarters@gmail.com
✅ User epicsmarters@gmail.com - has active subscription
 Middleware check: /dashboard/calls, session: epicsmarters@gmail.com
✅ User epicsmarters@gmail.com - has active subscription
 Middleware check: /dashboard/leads, session: epicsmarters@gmail.com
✅ User epicsmarters@gmail.com - has active subscription
 Middleware check: /dashboard/campaigns, session: epicsmarters@gmail.com
✅ User epicsmarters@gmail.com - has active subscription
 Middleware check: /dashboard/funnels, session: epicsmarters@gmail.com
✅ User epicsmarters@gmail.com - has active subscription
 Middleware check: /dashboard/analytics, session: epicsmarters@gmail.com
✅ User epicsmarters@gmail.com - has active subscription
 Middleware check: /dashboard/settings/brand-kits, session: epicsmarters@gmail.com
✅ User epicsmarters@gmail.com - has active subscription
 Middleware check: /dashboard/marketplace, session: epicsmarters@gmail.com
✅ User epicsmarters@gmail.com - has active subscription
 Middleware check: /dashboard/white-label, session: epicsmarters@gmail.com
✅ User epicsmarters@gmail.com - has active subscription
 Middleware check: /dashboard/api-keys, session: epicsmarters@gmail.com
✅ User epicsmarters@gmail.com - has active subscription
 Middleware check: /dashboard/integrations/webhooks, session: epicsmarters@gmail.com
✅ User epicsmarters@gmail.com - has active subscription
 Middleware check: /dashboard/settings, session: epicsmarters@gmail.com
✅ User epicsmarters@gmail.com - has active subscription
Error fetching SIP status: TypeError: fetch failed
    at async x (.next/server/app/api/user/agents/[id]/sip-status/route.js:1:4793)
    at async k (.next/server/app/api/user/agents/[id]/sip-status/route.js:1:7911)
    at async g (.next/server/app/api/user/agents/[id]/sip-status/route.js:1:8914)
    at async D (.next/server/app/api/user/agents/[id]/sip-status/route.js:1:10036) {
  [cause]: [AggregateError: ] { code: 'ECONNREFUSED' }
}
Error fetching SIP status: TypeError: fetch failed
    at async x (.next/server/app/api/user/agents/[id]/sip-status/route.js:1:4793)
    at async k (.next/server/app/api/user/agents/[id]/sip-status/route.js:1:7911)
    at async g (.next/server/app/api/user/agents/[id]/sip-status/route.js:1:8914)
    at async D (.next/server/app/api/user/agents/[id]/sip-status/route.js:1:10036) {
  [cause]: [AggregateError: ] { code: 'ECONNREFUSED' }
}
Error fetching SIP status: TypeError: fetch failed
    at async x (.next/server/app/api/user/agents/[id]/sip-status/route.js:1:4793)
    at async k (.next/server/app/api/user/agents/[id]/sip-status/route.js:1:7911)
    at async g (.next/server/app/api/user/agents/[id]/sip-status/route.js:1:8914)
    at async D (.next/server/app/api/user/agents/[id]/sip-status/route.js:1:10036) {
  [cause]: [AggregateError: ] { code: 'ECONNREFUSED' }
}
Error fetching SIP status: TypeError: fetch failed
    at async x (.next/server/app/api/user/agents/[id]/sip-status/route.js:1:4793)
    at async k (.next/server/app/api/user/agents/[id]/sip-status/route.js:1:7911)
    at async g (.next/server/app/api/user/agents/[id]/sip-status/route.js:1:8914)
    at async D (.next/server/app/api/user/agents/[id]/sip-status/route.js:1:10036) {
  [cause]: [AggregateError: ] { code: 'ECONNREFUSED' }
}
Error fetching SIP status: TypeError: fetch failed
    at async x (.next/server/app/api/user/agents/[id]/sip-status/route.js:1:4793)
    at async k (.next/server/app/api/user/agents/[id]/sip-status/route.js:1:7911)
    at async g (.next/server/app/api/user/agents/[id]/sip-status/route.js:1:8914)
    at async D (.next/server/app/api/user/agents/[id]/sip-status/route.js:1:10036) {
  [cause]: [AggregateError: ] { code: 'ECONNREFUSED' }
}
Error fetching SIP status: TypeError: fetch failed
    at async x (.next/server/app/api/user/agents/[id]/sip-status/route.js:1:4793)
    at async k (.next/server/app/api/user/agents/[id]/sip-status/route.js:1:7911)
    at async g (.next/server/app/api/user/agents/[id]/sip-status/route.js:1:8914)
    at async D (.next/server/app/api/user/agents/[id]/sip-status/route.js:1:10036) {
  [cause]: [AggregateError: ] { code: 'ECONNREFUSED' }
}
 Middleware check: /dashboard/agents, session: epicsmarters@gmail.com
✅ User epicsmarters@gmail.com - has active subscription
 Middleware check: /dashboard/phone-numbers, session: epicsmarters@gmail.com
✅ User epicsmarters@gmail.com - has active subscription
 Middleware check: /dashboard, session: epicsmarters@gmail.com
✅ User epicsmarters@gmail.com - has active subscription
 Middleware check: /dashboard/testing, session: epicsmarters@gmail.com
✅ User epicsmarters@gmail.com - has active subscription
 Middleware check: /dashboard/calls, session: epicsmarters@gmail.com
✅ User epicsmarters@gmail.com - has active subscription
 Middleware check: /dashboard/leads, session: epicsmarters@gmail.com
✅ User epicsmarters@gmail.com - has active subscription
 Middleware check: /dashboard/campaigns, session: epicsmarters@gmail.com
✅ User epicsmarters@gmail.com - has active subscription
 Middleware check: /dashboard/funnels, session: epicsmarters@gmail.com
✅ User epicsmarters@gmail.com - has active subscription
 Middleware check: /dashboard/analytics, session: epicsmarters@gmail.com
✅ User epicsmarters@gmail.com - has active subscription
 Middleware check: /dashboard/settings/brand-kits, session: epicsmarters@gmail.com
✅ User epicsmarters@gmail.com - has active subscription
 Middleware check: /dashboard/marketplace, session: epicsmarters@gmail.com
✅ User epicsmarters@gmail.com - has active subscription
 Middleware check: /dashboard/white-label, session: epicsmarters@gmail.com
✅ User epicsmarters@gmail.com - has active subscription
 Middleware check: /dashboard/api-keys, session: epicsmarters@gmail.com
✅ User epicsmarters@gmail.com - has active subscription
 Middleware check: /dashboard/integrations/webhooks, session: epicsmarters@gmail.com
✅ User epicsmarters@gmail.com - has active subscription
 Middleware check: /dashboard/settings, session: epicsmarters@gmail.com
✅ User epicsmarters@gmail.com - has active subscription
 Middleware check: /.git/config, session: NONE
Error fetching SIP status: TypeError: fetch failed
    at async x (.next/server/app/api/user/agents/[id]/sip-status/route.js:1:4793)
    at async k (.next/server/app/api/user/agents/[id]/sip-status/route.js:1:7911)
    at async g (.next/server/app/api/user/agents/[id]/sip-status/route.js:1:8914)
    at async D (.next/server/app/api/user/agents/[id]/sip-status/route.js:1:10036) {
  [cause]: [AggregateError: ] { code: 'ECONNREFUSED' }
}
Error fetching SIP status: TypeError: fetch failed
    at async x (.next/server/app/api/user/agents/[id]/sip-status/route.js:1:4793)
    at async k (.next/server/app/api/user/agents/[id]/sip-status/route.js:1:7911)
    at async g (.next/server/app/api/user/agents/[id]/sip-status/route.js:1:8914)
    at async D (.next/server/app/api/user/agents/[id]/sip-status/route.js:1:10036) {
  [cause]: [AggregateError: ] { code: 'ECONNREFUSED' }
}
Error fetching SIP status: TypeError: fetch failed
    at async x (.next/server/app/api/user/agents/[id]/sip-status/route.js:1:4793)
    at async k (.next/server/app/api/user/agents/[id]/sip-status/route.js:1:7911)
    at async g (.next/server/app/api/user/agents/[id]/sip-status/route.js:1:8914)
    at async D (.next/server/app/api/user/agents/[id]/sip-status/route.js:1:10036) {
  [cause]: [AggregateError: ] { code: 'ECONNREFUSED' }
}
Error fetching SIP status: TypeError: fetch failed
    at async x (.next/server/app/api/user/agents/[id]/sip-status/route.js:1:4793)
    at async k (.next/server/app/api/user/agents/[id]/sip-status/route.js:1:7911)
    at async g (.next/server/app/api/user/agents/[id]/sip-status/route.js:1:8914)
    at async D (.next/server/app/api/user/agents/[id]/sip-status/route.js:1:10036) {
  [cause]: [AggregateError: ] { code: 'ECONNREFUSED' }
}
Error fetching SIP status: TypeError: fetch failed
    at async x (.next/server/app/api/user/agents/[id]/sip-status/route.js:1:4793)
    at async k (.next/server/app/api/user/agents/[id]/sip-status/route.js:1:7911)
    at async g (.next/server/app/api/user/agents/[id]/sip-status/route.js:1:8914)
    at async D (.next/server/app/api/user/agents/[id]/sip-status/route.js:1:10036) {
  [cause]: [AggregateError: ] { code: 'ECONNREFUSED' }
}
Error fetching SIP status: TypeError: fetch failed
    at async x (.next/server/app/api/user/agents/[id]/sip-status/route.js:1:4793)
    at async k (.next/server/app/api/user/agents/[id]/sip-status/route.js:1:7911)
    at async g (.next/server/app/api/user/agents/[id]/sip-status/route.js:1:8914)
    at async D (.next/server/app/api/user/agents/[id]/sip-status/route.js:1:10036) {
  [cause]: [AggregateError: ] { code: 'ECONNREFUSED' }
}
Error fetching SIP status: TypeError: fetch failed
    at async x (.next/server/app/api/user/agents/[id]/sip-status/route.js:1:4793)
    at async k (.next/server/app/api/user/agents/[id]/sip-status/route.js:1:7911)
    at async g (.next/server/app/api/user/agents/[id]/sip-status/route.js:1:8914)
    at async D (.next/server/app/api/user/agents/[id]/sip-status/route.js:1:10036) {
  [cause]: [AggregateError: ] { code: 'ECONNREFUSED' }
}
Error fetching SIP status: TypeError: fetch failed
    at async x (.next/server/app/api/user/agents/[id]/sip-status/route.js:1:4793)
    at async k (.next/server/app/api/user/agents/[id]/sip-status/route.js:1:7911)
    at async g (.next/server/app/api/user/agents/[id]/sip-status/route.js:1:8914)
    at async D (.next/server/app/api/user/agents/[id]/sip-status/route.js:1:10036) {
  [cause]: [AggregateError: ] { code: 'ECONNREFUSED' }
}
Error fetching SIP status: TypeError: fetch failed
    at async x (.next/server/app/api/user/agents/[id]/sip-status/route.js:1:4793)
    at async k (.next/server/app/api/user/agents/[id]/sip-status/route.js:1:7911)
    at async g (.next/server/app/api/user/agents/[id]/sip-status/route.js:1:8914)
    at async D (.next/server/app/api/user/agents/[id]/sip-status/route.js:1:10036) {
  [cause]: [AggregateError: ] { code: 'ECONNREFUSED' }
}
Error fetching SIP status: TypeError: fetch failed
    at async x (.next/server/app/api/user/agents/[id]/sip-status/route.js:1:4793)
    at async k (.next/server/app/api/user/agents/[id]/sip-status/route.js:1:7911)
    at async g (.next/server/app/api/user/agents/[id]/sip-status/route.js:1:8914)
    at async D (.next/server/app/api/user/agents/[id]/sip-status/route.js:1:10036) {
  [cause]: [AggregateError: ] { code: 'ECONNREFUSED' }
}
 Middleware check: /, session: NONE
Error fetching SIP status: TypeError: fetch failed
    at async x (.next/server/app/api/user/agents/[id]/sip-status/route.js:1:4793)
    at async k (.next/server/app/api/user/agents/[id]/sip-status/route.js:1:7911)
    at async g (.next/server/app/api/user/agents/[id]/sip-status/route.js:1:8914)
    at async D (.next/server/app/api/user/agents/[id]/sip-status/route.js:1:10036) {
  [cause]: [AggregateError: ] { code: 'ECONNREFUSED' }
}
Error fetching SIP status: TypeError: fetch failed
    at async x (.next/server/app/api/user/agents/[id]/sip-status/route.js:1:4793)
    at async k (.next/server/app/api/user/agents/[id]/sip-status/route.js:1:7911)
    at async g (.next/server/app/api/user/agents/[id]/sip-status/route.js:1:8914)
    at async D (.next/server/app/api/user/agents/[id]/sip-status/route.js:1:10036) {
  [cause]: [AggregateError: ] { code: 'ECONNREFUSED' }
}
Error fetching SIP status: TypeError: fetch failed
    at async x (.next/server/app/api/user/agents/[id]/sip-status/route.js:1:4793)
    at async k (.next/server/app/api/user/agents/[id]/sip-status/route.js:1:7911)
    at async g (.next/server/app/api/user/agents/[id]/sip-status/route.js:1:8914)
    at async D (.next/server/app/api/user/agents/[id]/sip-status/route.js:1:10036) {
  [cause]: [AggregateError: ] { code: 'ECONNREFUSED' }
}
Error fetching SIP status: TypeError: fetch failed
    at async x (.next/server/app/api/user/agents/[id]/sip-status/route.js:1:4793)
    at async k (.next/server/app/api/user/agents/[id]/sip-status/route.js:1:7911)
    at async g (.next/server/app/api/user/agents/[id]/sip-status/route.js:1:8914)
    at async D (.next/server/app/api/user/agents/[id]/sip-status/route.js:1:10036) {
  [cause]: [AggregateError: ] { code: 'ECONNREFUSED' }
}
Error fetching SIP status: TypeError: fetch failed
    at async x (.next/server/app/api/user/agents/[id]/sip-status/route.js:1:4793)
    at async k (.next/server/app/api/user/agents/[id]/sip-status/route.js:1:7911)
    at async g (.next/server/app/api/user/agents/[id]/sip-status/route.js:1:8914)
    at async D (.next/server/app/api/user/agents/[id]/sip-status/route.js:1:10036) {
  [cause]: [AggregateError: ] { code: 'ECONNREFUSED' }
}
 Middleware check: /dashboard/agents, session: epicsmarters@gmail.com
✅ User epicsmarters@gmail.com - has active subscription
 Middleware check: /dashboard, session: epicsmarters@gmail.com
✅ User epicsmarters@gmail.com - has active subscription
 Middleware check: /dashboard/phone-numbers, session: epicsmarters@gmail.com
✅ User epicsmarters@gmail.com - has active subscription
 Middleware check: /dashboard/testing, session: epicsmarters@gmail.com
✅ User epicsmarters@gmail.com - has active subscription
 Middleware check: /dashboard/calls, session: epicsmarters@gmail.com
✅ User epicsmarters@gmail.com - has active subscription
 Middleware check: /dashboard/leads, session: epicsmarters@gmail.com
✅ User epicsmarters@gmail.com - has active subscription
 Middleware check: /dashboard/campaigns, session: epicsmarters@gmail.com
✅ User epicsmarters@gmail.com - has active subscription
 Middleware check: /dashboard/funnels, session: epicsmarters@gmail.com
✅ User epicsmarters@gmail.com - has active subscription
 Middleware check: /dashboard/analytics, session: epicsmarters@gmail.com
✅ User epicsmarters@gmail.com - has active subscription
 Middleware check: /dashboard/settings/brand-kits, session: epicsmarters@gmail.com
✅ User epicsmarters@gmail.com - has active subscription
 Middleware check: /dashboard/marketplace, session: epicsmarters@gmail.com
✅ User epicsmarters@gmail.com - has active subscription
 Middleware check: /dashboard/white-label, session: epicsmarters@gmail.com
✅ User epicsmarters@gmail.com - has active subscription
 Middleware check: /dashboard/api-keys, session: epicsmarters@gmail.com
✅ User epicsmarters@gmail.com - has active subscription
 Middleware check: /dashboard/integrations/webhooks, session: epicsmarters@gmail.com
✅ User epicsmarters@gmail.com - has active subscription
 Middleware check: /dashboard/settings, session: epicsmarters@gmail.com
✅ User epicsmarters@gmail.com - has active subscription
 Middleware check: /dashboard/agents, session: epicsmarters@gmail.com
✅ User epicsmarters@gmail.com - has active subscription
 Middleware check: /dashboard, session: epicsmarters@gmail.com
✅ User epicsmarters@gmail.com - has active subscription
 Middleware check: /dashboard/phone-numbers, session: epicsmarters@gmail.com
✅ User epicsmarters@gmail.com - has active subscription
 Middleware check: /dashboard/calls, session: epicsmarters@gmail.com
✅ User epicsmarters@gmail.com - has active subscription
 Middleware check: /dashboard/testing, session: epicsmarters@gmail.com
✅ User epicsmarters@gmail.com - has active subscription
 Middleware check: /dashboard/leads, session: epicsmarters@gmail.com
✅ User epicsmarters@gmail.com - has active subscription
 Middleware check: /dashboard/campaigns, session: epicsmarters@gmail.com
✅ User epicsmarters@gmail.com - has active subscription
 Middleware check: /dashboard/funnels, session: epicsmarters@gmail.com
✅ User epicsmarters@gmail.com - has active subscription
 Middleware check: /dashboard/analytics, session: epicsmarters@gmail.com
✅ User epicsmarters@gmail.com - has active subscription
 Middleware check: /dashboard/settings/brand-kits, session: epicsmarters@gmail.com
✅ User epicsmarters@gmail.com - has active subscription
 Middleware check: /dashboard/marketplace, session: epicsmarters@gmail.com
✅ User epicsmarters@gmail.com - has active subscription
 Middleware check: /dashboard/white-label, session: epicsmarters@gmail.com
✅ User epicsmarters@gmail.com - has active subscription
 Middleware check: /dashboard/api-keys, session: epicsmarters@gmail.com
✅ User epicsmarters@gmail.com - has active subscription
 Middleware check: /dashboard/integrations/webhooks, session: epicsmarters@gmail.com
✅ User epicsmarters@gmail.com - has active subscription
 Middleware check: /dashboard/settings, session: epicsmarters@gmail.com
✅ User epicsmarters@gmail.com - has active subscription
 Middleware check: /.env, session: NONE
 Middleware check: /, session: NONE
 Middleware check: /, session: NONE
 Middleware check: /robots.txt, session: NONE
Error fetching SIP status: TypeError: fetch failed
    at async x (.next/server/app/api/user/agents/[id]/sip-status/route.js:1:4793)
    at async k (.next/server/app/api/user/agents/[id]/sip-status/route.js:1:7911)
    at async g (.next/server/app/api/user/agents/[id]/sip-status/route.js:1:8914)
    at async D (.next/server/app/api/user/agents/[id]/sip-status/route.js:1:10036) {
  [cause]: [AggregateError: ] { code: 'ECONNREFUSED' }
}
Error fetching SIP status: TypeError: fetch failed
    at async x (.next/server/app/api/user/agents/[id]/sip-status/route.js:1:4793)
    at async k (.next/server/app/api/user/agents/[id]/sip-status/route.js:1:7911)
    at async g (.next/server/app/api/user/agents/[id]/sip-status/route.js:1:8914)
    at async D (.next/server/app/api/user/agents/[id]/sip-status/route.js:1:10036) {
  [cause]: [AggregateError: ] { code: 'ECONNREFUSED' }
}
Error fetching SIP status: TypeError: fetch failed
    at async x (.next/server/app/api/user/agents/[id]/sip-status/route.js:1:4793)
    at async k (.next/server/app/api/user/agents/[id]/sip-status/route.js:1:7911)
    at async g (.next/server/app/api/user/agents/[id]/sip-status/route.js:1:8914)
    at async D (.next/server/app/api/user/agents/[id]/sip-status/route.js:1:10036) {
  [cause]: [AggregateError: ] { code: 'ECONNREFUSED' }
}
Error fetching SIP status: TypeError: fetch failed
    at async x (.next/server/app/api/user/agents/[id]/sip-status/route.js:1:4793)
    at async k (.next/server/app/api/user/agents/[id]/sip-status/route.js:1:7911)
    at async g (.next/server/app/api/user/agents/[id]/sip-status/route.js:1:8914)
    at async D (.next/server/app/api/user/agents/[id]/sip-status/route.js:1:10036) {
  [cause]: [AggregateError: ] { code: 'ECONNREFUSED' }
}
Error fetching SIP status: TypeError: fetch failed
    at async x (.next/server/app/api/user/agents/[id]/sip-status/route.js:1:4793)
    at async k (.next/server/app/api/user/agents/[id]/sip-status/route.js:1:7911)
    at async g (.next/server/app/api/user/agents/[id]/sip-status/route.js:1:8914)
    at async D (.next/server/app/api/user/agents/[id]/sip-status/route.js:1:10036) {
  [cause]: [AggregateError: ] { code: 'ECONNREFUSED' }
}
 Middleware check: /dashboard/agents, session: epicsmarters@gmail.com
✅ User epicsmarters@gmail.com - has active subscription
 Middleware check: /dashboard, session: epicsmarters@gmail.com
✅ User epicsmarters@gmail.com - has active subscription
 Middleware check: /dashboard/phone-numbers, session: epicsmarters@gmail.com
✅ User epicsmarters@gmail.com - has active subscription
 Middleware check: /dashboard/testing, session: epicsmarters@gmail.com
✅ User epicsmarters@gmail.com - has active subscription
 Middleware check: /dashboard/calls, session: epicsmarters@gmail.com
✅ User epicsmarters@gmail.com - has active subscription
 Middleware check: /dashboard/leads, session: epicsmarters@gmail.com
✅ User epicsmarters@gmail.com - has active subscription
 Middleware check: /dashboard/campaigns, session: epicsmarters@gmail.com
✅ User epicsmarters@gmail.com - has active subscription
 Middleware check: /dashboard/funnels, session: epicsmarters@gmail.com
✅ User epicsmarters@gmail.com - has active subscription
 Middleware check: /dashboard/analytics, session: epicsmarters@gmail.com
✅ User epicsmarters@gmail.com - has active subscription
 Middleware check: /dashboard/settings/brand-kits, session: epicsmarters@gmail.com
✅ User epicsmarters@gmail.com - has active subscription
 Middleware check: /dashboard/marketplace, session: epicsmarters@gmail.com
✅ User epicsmarters@gmail.com - has active subscription
 Middleware check: /dashboard/white-label, session: epicsmarters@gmail.com
✅ User epicsmarters@gmail.com - has active subscription
 Middleware check: /dashboard/api-keys, session: epicsmarters@gmail.com
✅ User epicsmarters@gmail.com - has active subscription
 Middleware check: /dashboard/integrations/webhooks, session: epicsmarters@gmail.com
✅ User epicsmarters@gmail.com - has active subscription
 Middleware check: /dashboard/settings, session: epicsmarters@gmail.com
✅ User epicsmarters@gmail.com - has active subscription
 Middleware check: /dashboard/agents, session: epicsmarters@gmail.com
✅ User epicsmarters@gmail.com - has active subscription
 Middleware check: /dashboard, session: epicsmarters@gmail.com
✅ User epicsmarters@gmail.com - has active subscription
 Middleware check: /dashboard/phone-numbers, session: epicsmarters@gmail.com
✅ User epicsmarters@gmail.com - has active subscription
 Middleware check: /dashboard/testing, session: epicsmarters@gmail.com
✅ User epicsmarters@gmail.com - has active subscription
 Middleware check: /dashboard/calls, session: epicsmarters@gmail.com
✅ User epicsmarters@gmail.com - has active subscription
 Middleware check: /dashboard/leads, session: epicsmarters@gmail.com
✅ User epicsmarters@gmail.com - has active subscription
 Middleware check: /dashboard/campaigns, session: epicsmarters@gmail.com
✅ User epicsmarters@gmail.com - has active subscription
 Middleware check: /dashboard/funnels, session: epicsmarters@gmail.com
✅ User epicsmarters@gmail.com - has active subscription
 Middleware check: /dashboard/analytics, session: epicsmarters@gmail.com
✅ User epicsmarters@gmail.com - has active subscription
 Middleware check: /dashboard/settings/brand-kits, session: epicsmarters@gmail.com
✅ User epicsmarters@gmail.com - has active subscription
 Middleware check: /dashboard/marketplace, session: epicsmarters@gmail.com
✅ User epicsmarters@gmail.com - has active subscription
 Middleware check: /dashboard/white-label, session: epicsmarters@gmail.com
✅ User epicsmarters@gmail.com - has active subscription
 Middleware check: /dashboard/api-keys, session: epicsmarters@gmail.com
✅ User epicsmarters@gmail.com - has active subscription
 Middleware check: /dashboard/integrations/webhooks, session: epicsmarters@gmail.com
✅ User epicsmarters@gmail.com - has active subscription
 Middleware check: /dashboard/settings, session: epicsmarters@gmail.com
✅ User epicsmarters@gmail.com - has active subscription
 Middleware check: /dashboard/agents, session: epicsmarters@gmail.com
✅ User epicsmarters@gmail.com - has active subscription
 Middleware check: /dashboard, session: epicsmarters@gmail.com
✅ User epicsmarters@gmail.com - has active subscription
 Middleware check: /dashboard/testing, session: epicsmarters@gmail.com
✅ User epicsmarters@gmail.com - has active subscription
 Middleware check: /dashboard/phone-numbers, session: epicsmarters@gmail.com
✅ User epicsmarters@gmail.com - has active subscription
 Middleware check: /dashboard/calls, session: epicsmarters@gmail.com
✅ User epicsmarters@gmail.com - has active subscription
 Middleware check: /dashboard/leads, session: epicsmarters@gmail.com
✅ User epicsmarters@gmail.com - has active subscription
 Middleware check: /dashboard/campaigns, session: epicsmarters@gmail.com
✅ User epicsmarters@gmail.com - has active subscription
 Middleware check: /dashboard/funnels, session: epicsmarters@gmail.com
✅ User epicsmarters@gmail.com - has active subscription
 Middleware check: /dashboard/analytics, session: epicsmarters@gmail.com
✅ User epicsmarters@gmail.com - has active subscription
 Middleware check: /dashboard/settings/brand-kits, session: epicsmarters@gmail.com
✅ User epicsmarters@gmail.com - has active subscription
 Middleware check: /dashboard/marketplace, session: epicsmarters@gmail.com
✅ User epicsmarters@gmail.com - has active subscription
 Middleware check: /dashboard/white-label, session: epicsmarters@gmail.com
✅ User epicsmarters@gmail.com - has active subscription
 Middleware check: /dashboard/api-keys, session: epicsmarters@gmail.com
✅ User epicsmarters@gmail.com - has active subscription
 Middleware check: /dashboard/integrations/webhooks, session: epicsmarters@gmail.com
✅ User epicsmarters@gmail.com - has active subscription
 Middleware check: /dashboard/settings, session: epicsmarters@gmail.com
✅ User epicsmarters@gmail.com - has active subscription
 Middleware check: /dashboard/agents, session: epicsmarters@gmail.com
✅ User epicsmarters@gmail.com - has active subscription
 Middleware check: /dashboard, session: epicsmarters@gmail.com
✅ User epicsmarters@gmail.com - has active subscription
 Middleware check: /dashboard/phone-numbers, session: epicsmarters@gmail.com
✅ User epicsmarters@gmail.com - has active subscription
 Middleware check: /dashboard/testing, session: epicsmarters@gmail.com
✅ User epicsmarters@gmail.com - has active subscription
 Middleware check: /dashboard/calls, session: epicsmarters@gmail.com
✅ User epicsmarters@gmail.com - has active subscription
 Middleware check: /dashboard/leads, session: epicsmarters@gmail.com
✅ User epicsmarters@gmail.com - has active subscription
 Middleware check: /dashboard/campaigns, session: epicsmarters@gmail.com
✅ User epicsmarters@gmail.com - has active subscription
 Middleware check: /dashboard/funnels, session: epicsmarters@gmail.com
✅ User epicsmarters@gmail.com - has active subscription
 Middleware check: /dashboard/analytics, session: epicsmarters@gmail.com
✅ User epicsmarters@gmail.com - has active subscription
 Middleware check: /dashboard/settings/brand-kits, session: epicsmarters@gmail.com
✅ User epicsmarters@gmail.com - has active subscription
 Middleware check: /dashboard/marketplace, session: epicsmarters@gmail.com
✅ User epicsmarters@gmail.com - has active subscription
 Middleware check: /dashboard/white-label, session: epicsmarters@gmail.com
✅ User epicsmarters@gmail.com - has active subscription
 Middleware check: /dashboard/api-keys, session: epicsmarters@gmail.com
✅ User epicsmarters@gmail.com - has active subscription
 Middleware check: /dashboard/integrations/webhooks, session: epicsmarters@gmail.com
✅ User epicsmarters@gmail.com - has active subscription
 Middleware check: /dashboard/settings, session: epicsmarters@gmail.com
✅ User epicsmarters@gmail.com - has active subscription
 Middleware check: /dashboard/agents, session: epicsmarters@gmail.com
✅ User epicsmarters@gmail.com - has active subscription
 Middleware check: /dashboard/phone-numbers, session: epicsmarters@gmail.com
✅ User epicsmarters@gmail.com - has active subscription
 Middleware check: /dashboard, session: epicsmarters@gmail.com
✅ User epicsmarters@gmail.com - has active subscription
 Middleware check: /dashboard/calls, session: epicsmarters@gmail.com
✅ User epicsmarters@gmail.com - has active subscription
 Middleware check: /dashboard/leads, session: epicsmarters@gmail.com
✅ User epicsmarters@gmail.com - has active subscription
 Middleware check: /dashboard/testing, session: epicsmarters@gmail.com
✅ User epicsmarters@gmail.com - has active subscription
 Middleware check: /dashboard/campaigns, session: epicsmarters@gmail.com
✅ User epicsmarters@gmail.com - has active subscription
 Middleware check: /dashboard/funnels, session: epicsmarters@gmail.com
✅ User epicsmarters@gmail.com - has active subscription
 Middleware check: /dashboard/analytics, session: epicsmarters@gmail.com
✅ User epicsmarters@gmail.com - has active subscription
 Middleware check: /dashboard/settings/brand-kits, session: epicsmarters@gmail.com
✅ User epicsmarters@gmail.com - has active subscription
 Middleware check: /dashboard/marketplace, session: epicsmarters@gmail.com
✅ User epicsmarters@gmail.com - has active subscription
 Middleware check: /dashboard/white-label, session: epicsmarters@gmail.com
✅ User epicsmarters@gmail.com - has active subscription
 Middleware check: /dashboard/api-keys, session: epicsmarters@gmail.com
✅ User epicsmarters@gmail.com - has active subscription
 Middleware check: /dashboard/integrations/webhooks, session: epicsmarters@gmail.com
✅ User epicsmarters@gmail.com - has active subscription
 Middleware check: /dashboard/settings, session: epicsmarters@gmail.com
✅ User epicsmarters@gmail.com - has active subscription
 Middleware check: /backend/.git/config, session: NONE
 Middleware check: /dashboard/agents, session: epicsmarters@gmail.com
✅ User epicsmarters@gmail.com - has active subscription
 Middleware check: /dashboard/phone-numbers, session: epicsmarters@gmail.com
✅ User epicsmarters@gmail.com - has active subscription
 Middleware check: /dashboard, session: epicsmarters@gmail.com
✅ User epicsmarters@gmail.com - has active subscription
 Middleware check: /dashboard/testing, session: epicsmarters@gmail.com
✅ User epicsmarters@gmail.com - has active subscription
 Middleware check: /dashboard/calls, session: epicsmarters@gmail.com
✅ User epicsmarters@gmail.com - has active subscription
 Middleware check: /dashboard/leads, session: epicsmarters@gmail.com
✅ User epicsmarters@gmail.com - has active subscription
 Middleware check: /dashboard/campaigns, session: epicsmarters@gmail.com
✅ User epicsmarters@gmail.com - has active subscription
 Middleware check: /dashboard/funnels, session: epicsmarters@gmail.com
✅ User epicsmarters@gmail.com - has active subscription
 Middleware check: /dashboard/analytics, session: epicsmarters@gmail.com
✅ User epicsmarters@gmail.com - has active subscription
 Middleware check: /dashboard/settings/brand-kits, session: epicsmarters@gmail.com
✅ User epicsmarters@gmail.com - has active subscription
 Middleware check: /dashboard/marketplace, session: epicsmarters@gmail.com
✅ User epicsmarters@gmail.com - has active subscription
 Middleware check: /dashboard/white-label, session: epicsmarters@gmail.com
✅ User epicsmarters@gmail.com - has active subscription
 Middleware check: /dashboard/api-keys, session: epicsmarters@gmail.com
✅ User epicsmarters@gmail.com - has active subscription
 Middleware check: /dashboard/integrations/webhooks, session: epicsmarters@gmail.com
✅ User epicsmarters@gmail.com - has active subscription
 Middleware check: /dashboard/settings, session: epicsmarters@gmail.com
✅ User epicsmarters@gmail.com - has active subscription
 Middleware check: /dashboard/agents, session: epicsmarters@gmail.com
✅ User epicsmarters@gmail.com - has active subscription
 Middleware check: /dashboard, session: epicsmarters@gmail.com
✅ User epicsmarters@gmail.com - has active subscription
 Middleware check: /dashboard/phone-numbers, session: epicsmarters@gmail.com
✅ User epicsmarters@gmail.com - has active subscription
 Middleware check: /dashboard/testing, session: epicsmarters@gmail.com
✅ User epicsmarters@gmail.com - has active subscription
 Middleware check: /dashboard/calls, session: epicsmarters@gmail.com
✅ User epicsmarters@gmail.com - has active subscription
 Middleware check: /dashboard/leads, session: epicsmarters@gmail.com
✅ User epicsmarters@gmail.com - has active subscription
 Middleware check: /dashboard/campaigns, session: epicsmarters@gmail.com
✅ User epicsmarters@gmail.com - has active subscription
 Middleware check: /dashboard/funnels, session: epicsmarters@gmail.com
✅ User epicsmarters@gmail.com - has active subscription
 Middleware check: /dashboard/analytics, session: epicsmarters@gmail.com
✅ User epicsmarters@gmail.com - has active subscription
 Middleware check: /dashboard/settings/brand-kits, session: epicsmarters@gmail.com
✅ User epicsmarters@gmail.com - has active subscription
 Middleware check: /dashboard/marketplace, session: epicsmarters@gmail.com
✅ User epicsmarters@gmail.com - has active subscription
 Middleware check: /dashboard/white-label, session: epicsmarters@gmail.com
✅ User epicsmarters@gmail.com - has active subscription
 Middleware check: /dashboard/api-keys, session: epicsmarters@gmail.com
✅ User epicsmarters@gmail.com - has active subscription
 Middleware check: /dashboard/integrations/webhooks, session: epicsmarters@gmail.com
✅ User epicsmarters@gmail.com - has active subscription
 Middleware check: /dashboard/settings, session: epicsmarters@gmail.com
✅ User epicsmarters@gmail.com - has active subscription
 Middleware check: /dashboard/agents, session: epicsmarters@gmail.com
✅ User epicsmarters@gmail.com - has active subscription
 Middleware check: /dashboard/agents, session: epicsmarters@gmail.com
✅ User epicsmarters@gmail.com - has active subscription
 Middleware check: /.env, session: NONE
 Middleware check: /, session: NONE
 Middleware check: /.git/config, session: NONE
