✅ Socket.IO initialized for real-time dashboard
✅ Magnus Billing integration enabled
✅ LiveKit webhook endpoint registered for call outcome tracking
✅ CSV Export API registered at /api/exports
✅ Call Outcomes API registered at /api/call-outcomes
✅ Rate Limiting API registered at /api/rate-limits
✅ Real-time Dashboard API registered at /api/dashboard
✅ Call Transcripts API registered at /api/transcripts
✅ Live Listen API registered at /api/live-listen
✅ Funnel Engine API registered at /api/funnels
✅ OpenAPI/Swagger documentation available at /api/docs
✅ Magnus Billing integration enabled
✅ SIP API endpoints initialized
✅ White-label API endpoints initialized
✅ White-label API endpoints initialized
✅ Lead & Campaign API endpoints initialized
✅ Lead & Campaign API endpoints initialized
✅ Webhook API endpoints registered
✅ Webhook API endpoints initialized
✅ Odoo integration API endpoints initialized
✅ CDR integration API endpoints initialized
✅ Cost tracking API endpoints initialized
🚀 Starting User Dashboard
📊 Dashboard will be available at: http://localhost:5001
🔌 WebSocket endpoint: ws://localhost:5001/socket.io/
WebSocket transport not available. Install simple-websocket for improved performance.
Werkzeug appears to be used in a production deployment. Consider switching to a production web server instead.
 * Serving Flask app 'user_dashboard'
 * Debug mode: off
Address already in use
Port 5001 is in use by another program. Either identify and stop that program, or start the server with a different port.
