2025-11-20 21:59:16,102 - backend.realtime_dashboard.socketio_server - INFO - Socket.IO server initialized
2025-11-20 21:59:16,122 - call_outcome_processor - INFO - Call outcome processor initialized
2025-11-20 21:59:16,122 - livekit_webhook_listener - INFO - LiveKit webhook listener initialized with SDK WebhookReceiver
2025-11-20 21:59:16,123 - livekit_webhook_listener - INFO - LiveKit webhook endpoint registered at /api/webhooks/livekit
2025-11-20 21:59:16,129 - backend.rate_limiting.middleware - INFO - Rate limiter initialized
2025-11-20 21:59:16,133 - backend.call_outcomes.service - INFO - Call outcome service initialized
2025-11-20 21:59:16,162 - backend.live_listen.service - INFO - Live Listen Service initialized
2025-11-20 21:59:16,912 - backend.sip_status_api - INFO - ✅ SIP Status API endpoints registered
2025-11-20 21:59:17,475 - webhook_events - INFO - Webhook Event System initialized (enabled=True)
2025-11-20 21:59:17,486 - odoo_api_endpoints - INFO - ✅ Odoo integration endpoints registered
2025-11-20 21:59:17,489 - cdr_api_endpoints - INFO - ✅ CDR integration endpoints registered
2025-11-20 21:59:17,507 - werkzeug - WARNING - WebSocket transport not available. Install simple-websocket for improved performance.
2025-11-20 21:59:17,507 - werkzeug - WARNING - Werkzeug appears to be used in a production deployment. Consider switching to a production web server instead.
✅ Socket.IO initialized for real-time dashboard
✅ Magnus Billing integration enabled
✅ LiveKit webhook endpoint registered for call outcome tracking
✅ CSV Export API registered at /api/exports
✅ Call Outcomes API registered at /api/call-outcomes
✅ Rate Limiting API registered at /api/rate-limits
✅ Real-time Dashboard API registered at /api/dashboard
✅ Call Transcripts API registered at /api/transcripts
✅ Live Listen API registered at /api/live-listen
✅ Funnel Engine API registered at /api/funnels
✅ Funnel Webhooks registered at /api/funnels/webhooks
✅ Public Landing Pages registered at /l/{funnel-id}
✅ Brand Kit API registered at /api/user/brand-kits
✅ Admin Settings API registered at /api/admin/settings
✅ Calendar OAuth API registered at /api/user/calendar
✅ Admin Dashboard API registered at /api/admin/dashboard
✅ FreeSWITCH Provisioning API registered at /api/freeswitch
✅ SIP Status API registered
✅ Agent Tools API registered
✅ OpenAPI/Swagger documentation available at /api/docs
✅ Magnus Billing integration enabled
✅ SIP API endpoints initialized
✅ White-label API endpoints initialized
✅ White-label API endpoints initialized
✅ Lead & Campaign API endpoints initialized
✅ Lead & Campaign API endpoints initialized
✅ Webhook API endpoints registered
✅ Webhook API endpoints initialized
✅ Odoo integration API endpoints initialized
✅ CDR integration API endpoints initialized
✅ Cost tracking API endpoints initialized
🚀 Starting User Dashboard
📊 Dashboard will be available at: http://localhost:5001
🔌 WebSocket endpoint: ws://localhost:5001/socket.io/
 * Serving Flask app 'user_dashboard'
 * Debug mode: off
Address already in use
Port 5001 is in use by another program. Either identify and stop that program, or start the server with a different port.
