Connecting to database...
Worker test initialized successfully
Delivering webhook 58b21899-0204-4395-bc92-4b5bbc97270e (attempt 0/5) to http://localhost:8888/webhook
✅ Webhook 58b21899-0204-4395-bc92-4b5bbc97270e delivered successfully (status 200)
Connecting to database...
Worker test initialized successfully
Delivering webhook 6b67871b-e42c-4603-b624-3ce2ebcf7cd5 (attempt 0/5) to http://localhost:8888/webhook
❌ Webhook 6b67871b-e42c-4603-b624-3ce2ebcf7cd5 unexpected error: HTTPConnectionPool(host='localhost', port=8888): Max retries exceeded with url: /webhook (Caused by ResponseError('too many 500 error responses'))
urllib3.exceptions.ResponseError: too many 500 error responses

The above exception was the direct cause of the following exception:

Traceback (most recent call last):
  File "/usr/lib/python3/dist-packages/requests/adapters.py", line 486, in send
    resp = conn.urlopen(
           ^^^^^^^^^^^^^
  File "/usr/lib/python3/dist-packages/urllib3/connectionpool.py", line 946, in urlopen
    return self.urlopen(
           ^^^^^^^^^^^^^
  File "/usr/lib/python3/dist-packages/urllib3/connectionpool.py", line 946, in urlopen
    return self.urlopen(
           ^^^^^^^^^^^^^
  File "/usr/lib/python3/dist-packages/urllib3/connectionpool.py", line 946, in urlopen
    return self.urlopen(
           ^^^^^^^^^^^^^
  File "/usr/lib/python3/dist-packages/urllib3/connectionpool.py", line 936, in urlopen
    retries = retries.increment(method, url, response=response, _pool=self)
              ^^^^^^^^^^^^^^^^^^^^^^^^^^^^^^^^^^^^^^^^^^^^^^^^^^^^^^^^^^^^^
  File "/usr/lib/python3/dist-packages/urllib3/util/retry.py", line 517, in increment
    raise MaxRetryError(_pool, url, reason) from reason  # type: ignore[arg-type]
    ^^^^^^^^^^^^^^^^^^^^^^^^^^^^^^^^^^^^^^^^^^^^^^^^^^^
urllib3.exceptions.MaxRetryError: HTTPConnectionPool(host='localhost', port=8888): Max retries exceeded with url: /webhook (Caused by ResponseError('too many 500 error responses'))

During handling of the above exception, another exception occurred:

Traceback (most recent call last):
  File "/opt/livekit1/backend/tests/webhooks/../../webhook_worker/worker.py", line 176, in deliver_webhook
    response = self.http_session.post(
               ^^^^^^^^^^^^^^^^^^^^^^^
  File "/usr/lib/python3/dist-packages/requests/sessions.py", line 637, in post
    return self.request("POST", url, data=data, json=json, **kwargs)
           ^^^^^^^^^^^^^^^^^^^^^^^^^^^^^^^^^^^^^^^^^^^^^^^^^^^^^^^^^
  File "/usr/lib/python3/dist-packages/requests/sessions.py", line 589, in request
    resp = self.send(prep, **send_kwargs)
           ^^^^^^^^^^^^^^^^^^^^^^^^^^^^^^
  File "/usr/lib/python3/dist-packages/requests/sessions.py", line 703, in send
    r = adapter.send(request, **kwargs)
        ^^^^^^^^^^^^^^^^^^^^^^^^^^^^^^^
  File "/usr/lib/python3/dist-packages/requests/adapters.py", line 510, in send
    raise RetryError(e, request=request)
requests.exceptions.RetryError: HTTPConnectionPool(host='localhost', port=8888): Max retries exceeded with url: /webhook (Caused by ResponseError('too many 500 error responses'))
🔄 Webhook 6b67871b-e42c-4603-b624-3ce2ebcf7cd5 will retry at 2025-10-30T17:22:22.509906
Connecting to database...
Worker test initialized successfully
Delivering webhook 0f16d5df-3352-4551-b3f8-2cd080d31f0c (attempt 0/3) to http://localhost:8888/webhook
❌ Webhook 0f16d5df-3352-4551-b3f8-2cd080d31f0c unexpected error: HTTPConnectionPool(host='localhost', port=8888): Max retries exceeded with url: /webhook (Caused by ResponseError('too many 500 error responses'))
urllib3.exceptions.ResponseError: too many 500 error responses

The above exception was the direct cause of the following exception:

Traceback (most recent call last):
  File "/usr/lib/python3/dist-packages/requests/adapters.py", line 486, in send
    resp = conn.urlopen(
           ^^^^^^^^^^^^^
  File "/usr/lib/python3/dist-packages/urllib3/connectionpool.py", line 946, in urlopen
    return self.urlopen(
           ^^^^^^^^^^^^^
  File "/usr/lib/python3/dist-packages/urllib3/connectionpool.py", line 946, in urlopen
    return self.urlopen(
           ^^^^^^^^^^^^^
  File "/usr/lib/python3/dist-packages/urllib3/connectionpool.py", line 946, in urlopen
    return self.urlopen(
           ^^^^^^^^^^^^^
  File "/usr/lib/python3/dist-packages/urllib3/connectionpool.py", line 936, in urlopen
    retries = retries.increment(method, url, response=response, _pool=self)
              ^^^^^^^^^^^^^^^^^^^^^^^^^^^^^^^^^^^^^^^^^^^^^^^^^^^^^^^^^^^^^
  File "/usr/lib/python3/dist-packages/urllib3/util/retry.py", line 517, in increment
    raise MaxRetryError(_pool, url, reason) from reason  # type: ignore[arg-type]
    ^^^^^^^^^^^^^^^^^^^^^^^^^^^^^^^^^^^^^^^^^^^^^^^^^^^
urllib3.exceptions.MaxRetryError: HTTPConnectionPool(host='localhost', port=8888): Max retries exceeded with url: /webhook (Caused by ResponseError('too many 500 error responses'))

During handling of the above exception, another exception occurred:

Traceback (most recent call last):
  File "/opt/livekit1/backend/tests/webhooks/../../webhook_worker/worker.py", line 176, in deliver_webhook
    response = self.http_session.post(
               ^^^^^^^^^^^^^^^^^^^^^^^
  File "/usr/lib/python3/dist-packages/requests/sessions.py", line 637, in post
    return self.request("POST", url, data=data, json=json, **kwargs)
           ^^^^^^^^^^^^^^^^^^^^^^^^^^^^^^^^^^^^^^^^^^^^^^^^^^^^^^^^^
  File "/usr/lib/python3/dist-packages/requests/sessions.py", line 589, in request
    resp = self.send(prep, **send_kwargs)
           ^^^^^^^^^^^^^^^^^^^^^^^^^^^^^^
  File "/usr/lib/python3/dist-packages/requests/sessions.py", line 703, in send
    r = adapter.send(request, **kwargs)
        ^^^^^^^^^^^^^^^^^^^^^^^^^^^^^^^
  File "/usr/lib/python3/dist-packages/requests/adapters.py", line 510, in send
    raise RetryError(e, request=request)
requests.exceptions.RetryError: HTTPConnectionPool(host='localhost', port=8888): Max retries exceeded with url: /webhook (Caused by ResponseError('too many 500 error responses'))
🔄 Webhook 0f16d5df-3352-4551-b3f8-2cd080d31f0c will retry at 2025-10-30T17:22:22.298182
Delivering webhook 0f16d5df-3352-4551-b3f8-2cd080d31f0c (attempt 0/3) to http://localhost:8888/webhook
❌ Webhook 0f16d5df-3352-4551-b3f8-2cd080d31f0c unexpected error: HTTPConnectionPool(host='localhost', port=8888): Max retries exceeded with url: /webhook (Caused by ResponseError('too many 500 error responses'))
urllib3.exceptions.ResponseError: too many 500 error responses

The above exception was the direct cause of the following exception:

Traceback (most recent call last):
  File "/usr/lib/python3/dist-packages/requests/adapters.py", line 486, in send
    resp = conn.urlopen(
           ^^^^^^^^^^^^^
  File "/usr/lib/python3/dist-packages/urllib3/connectionpool.py", line 946, in urlopen
    return self.urlopen(
           ^^^^^^^^^^^^^
  File "/usr/lib/python3/dist-packages/urllib3/connectionpool.py", line 946, in urlopen
    return self.urlopen(
           ^^^^^^^^^^^^^
  File "/usr/lib/python3/dist-packages/urllib3/connectionpool.py", line 946, in urlopen
    return self.urlopen(
           ^^^^^^^^^^^^^
  File "/usr/lib/python3/dist-packages/urllib3/connectionpool.py", line 936, in urlopen
    retries = retries.increment(method, url, response=response, _pool=self)
              ^^^^^^^^^^^^^^^^^^^^^^^^^^^^^^^^^^^^^^^^^^^^^^^^^^^^^^^^^^^^^
  File "/usr/lib/python3/dist-packages/urllib3/util/retry.py", line 517, in increment
    raise MaxRetryError(_pool, url, reason) from reason  # type: ignore[arg-type]
    ^^^^^^^^^^^^^^^^^^^^^^^^^^^^^^^^^^^^^^^^^^^^^^^^^^^
urllib3.exceptions.MaxRetryError: HTTPConnectionPool(host='localhost', port=8888): Max retries exceeded with url: /webhook (Caused by ResponseError('too many 500 error responses'))

During handling of the above exception, another exception occurred:

Traceback (most recent call last):
  File "/opt/livekit1/backend/tests/webhooks/../../webhook_worker/worker.py", line 176, in deliver_webhook
    response = self.http_session.post(
               ^^^^^^^^^^^^^^^^^^^^^^^
  File "/usr/lib/python3/dist-packages/requests/sessions.py", line 637, in post
    return self.request("POST", url, data=data, json=json, **kwargs)
           ^^^^^^^^^^^^^^^^^^^^^^^^^^^^^^^^^^^^^^^^^^^^^^^^^^^^^^^^^
  File "/usr/lib/python3/dist-packages/requests/sessions.py", line 589, in request
    resp = self.send(prep, **send_kwargs)
           ^^^^^^^^^^^^^^^^^^^^^^^^^^^^^^
  File "/usr/lib/python3/dist-packages/requests/sessions.py", line 703, in send
    r = adapter.send(request, **kwargs)
        ^^^^^^^^^^^^^^^^^^^^^^^^^^^^^^^
  File "/usr/lib/python3/dist-packages/requests/adapters.py", line 510, in send
    raise RetryError(e, request=request)
requests.exceptions.RetryError: HTTPConnectionPool(host='localhost', port=8888): Max retries exceeded with url: /webhook (Caused by ResponseError('too many 500 error responses'))
🔄 Webhook 0f16d5df-3352-4551-b3f8-2cd080d31f0c will retry at 2025-10-30T17:22:28.169949
Delivering webhook 0f16d5df-3352-4551-b3f8-2cd080d31f0c (attempt 0/3) to http://localhost:8888/webhook
❌ Webhook 0f16d5df-3352-4551-b3f8-2cd080d31f0c unexpected error: HTTPConnectionPool(host='localhost', port=8888): Max retries exceeded with url: /webhook (Caused by ResponseError('too many 500 error responses'))
urllib3.exceptions.ResponseError: too many 500 error responses

The above exception was the direct cause of the following exception:

Traceback (most recent call last):
  File "/usr/lib/python3/dist-packages/requests/adapters.py", line 486, in send
    resp = conn.urlopen(
           ^^^^^^^^^^^^^
  File "/usr/lib/python3/dist-packages/urllib3/connectionpool.py", line 946, in urlopen
    return self.urlopen(
           ^^^^^^^^^^^^^
  File "/usr/lib/python3/dist-packages/urllib3/connectionpool.py", line 946, in urlopen
    return self.urlopen(
           ^^^^^^^^^^^^^
  File "/usr/lib/python3/dist-packages/urllib3/connectionpool.py", line 946, in urlopen
    return self.urlopen(
           ^^^^^^^^^^^^^
  File "/usr/lib/python3/dist-packages/urllib3/connectionpool.py", line 936, in urlopen
    retries = retries.increment(method, url, response=response, _pool=self)
              ^^^^^^^^^^^^^^^^^^^^^^^^^^^^^^^^^^^^^^^^^^^^^^^^^^^^^^^^^^^^^
  File "/usr/lib/python3/dist-packages/urllib3/util/retry.py", line 517, in increment
    raise MaxRetryError(_pool, url, reason) from reason  # type: ignore[arg-type]
    ^^^^^^^^^^^^^^^^^^^^^^^^^^^^^^^^^^^^^^^^^^^^^^^^^^^
urllib3.exceptions.MaxRetryError: HTTPConnectionPool(host='localhost', port=8888): Max retries exceeded with url: /webhook (Caused by ResponseError('too many 500 error responses'))

During handling of the above exception, another exception occurred:

Traceback (most recent call last):
  File "/opt/livekit1/backend/tests/webhooks/../../webhook_worker/worker.py", line 176, in deliver_webhook
    response = self.http_session.post(
               ^^^^^^^^^^^^^^^^^^^^^^^
  File "/usr/lib/python3/dist-packages/requests/sessions.py", line 637, in post
    return self.request("POST", url, data=data, json=json, **kwargs)
           ^^^^^^^^^^^^^^^^^^^^^^^^^^^^^^^^^^^^^^^^^^^^^^^^^^^^^^^^^
  File "/usr/lib/python3/dist-packages/requests/sessions.py", line 589, in request
    resp = self.send(prep, **send_kwargs)
           ^^^^^^^^^^^^^^^^^^^^^^^^^^^^^^
  File "/usr/lib/python3/dist-packages/requests/sessions.py", line 703, in send
    r = adapter.send(request, **kwargs)
        ^^^^^^^^^^^^^^^^^^^^^^^^^^^^^^^
  File "/usr/lib/python3/dist-packages/requests/adapters.py", line 510, in send
    raise RetryError(e, request=request)
requests.exceptions.RetryError: HTTPConnectionPool(host='localhost', port=8888): Max retries exceeded with url: /webhook (Caused by ResponseError('too many 500 error responses'))
🔄 Webhook 0f16d5df-3352-4551-b3f8-2cd080d31f0c will retry at 2025-10-30T17:22:25.523594
Connecting to database...
Worker test initialized successfully
Delivering webhook 40873c53-e16b-45b7-bd88-162ccd080bae (attempt 0/5) to http://localhost:8888/webhook
✅ Webhook 40873c53-e16b-45b7-bd88-162ccd080bae delivered successfully (status 200)
Connecting to database...
Worker test initialized successfully
Delivering webhook 5be16d84-e39c-476c-a41d-17ec64bc54cc (attempt 0/5) to http://localhost:8888/webhook
✅ Webhook 5be16d84-e39c-476c-a41d-17ec64bc54cc delivered successfully (status 200)
Connecting to database...
Worker test initialized successfully
Delivering webhook 8bee84a5-ac1d-42b4-9966-0797982e571a (attempt 0/5) to http://localhost:8888/webhook
❌ Webhook 8bee84a5-ac1d-42b4-9966-0797982e571a unexpected error: HTTPConnectionPool(host='localhost', port=8888): Max retries exceeded with url: /webhook (Caused by ResponseError('too many 500 error responses'))
urllib3.exceptions.ResponseError: too many 500 error responses

The above exception was the direct cause of the following exception:

Traceback (most recent call last):
  File "/usr/lib/python3/dist-packages/requests/adapters.py", line 486, in send
    resp = conn.urlopen(
           ^^^^^^^^^^^^^
  File "/usr/lib/python3/dist-packages/urllib3/connectionpool.py", line 946, in urlopen
    return self.urlopen(
           ^^^^^^^^^^^^^
  File "/usr/lib/python3/dist-packages/urllib3/connectionpool.py", line 946, in urlopen
    return self.urlopen(
           ^^^^^^^^^^^^^
  File "/usr/lib/python3/dist-packages/urllib3/connectionpool.py", line 946, in urlopen
    return self.urlopen(
           ^^^^^^^^^^^^^
  File "/usr/lib/python3/dist-packages/urllib3/connectionpool.py", line 936, in urlopen
    retries = retries.increment(method, url, response=response, _pool=self)
              ^^^^^^^^^^^^^^^^^^^^^^^^^^^^^^^^^^^^^^^^^^^^^^^^^^^^^^^^^^^^^
  File "/usr/lib/python3/dist-packages/urllib3/util/retry.py", line 517, in increment
    raise MaxRetryError(_pool, url, reason) from reason  # type: ignore[arg-type]
    ^^^^^^^^^^^^^^^^^^^^^^^^^^^^^^^^^^^^^^^^^^^^^^^^^^^
urllib3.exceptions.MaxRetryError: HTTPConnectionPool(host='localhost', port=8888): Max retries exceeded with url: /webhook (Caused by ResponseError('too many 500 error responses'))

During handling of the above exception, another exception occurred:

Traceback (most recent call last):
  File "/opt/livekit1/backend/tests/webhooks/../../webhook_worker/worker.py", line 176, in deliver_webhook
    response = self.http_session.post(
               ^^^^^^^^^^^^^^^^^^^^^^^
  File "/usr/lib/python3/dist-packages/requests/sessions.py", line 637, in post
    return self.request("POST", url, data=data, json=json, **kwargs)
           ^^^^^^^^^^^^^^^^^^^^^^^^^^^^^^^^^^^^^^^^^^^^^^^^^^^^^^^^^
  File "/usr/lib/python3/dist-packages/requests/sessions.py", line 589, in request
    resp = self.send(prep, **send_kwargs)
           ^^^^^^^^^^^^^^^^^^^^^^^^^^^^^^
  File "/usr/lib/python3/dist-packages/requests/sessions.py", line 703, in send
    r = adapter.send(request, **kwargs)
        ^^^^^^^^^^^^^^^^^^^^^^^^^^^^^^^
  File "/usr/lib/python3/dist-packages/requests/adapters.py", line 510, in send
    raise RetryError(e, request=request)
requests.exceptions.RetryError: HTTPConnectionPool(host='localhost', port=8888): Max retries exceeded with url: /webhook (Caused by ResponseError('too many 500 error responses'))
🔄 Webhook 8bee84a5-ac1d-42b4-9966-0797982e571a will retry at 2025-10-31T02:25:51.421052
Connecting to database...
Worker test initialized successfully
Delivering webhook 557aca59-623b-49de-9394-8d89d6bb6379 (attempt 0/3) to http://localhost:8888/webhook
❌ Webhook 557aca59-623b-49de-9394-8d89d6bb6379 unexpected error: HTTPConnectionPool(host='localhost', port=8888): Max retries exceeded with url: /webhook (Caused by ResponseError('too many 500 error responses'))
urllib3.exceptions.ResponseError: too many 500 error responses

The above exception was the direct cause of the following exception:

Traceback (most recent call last):
  File "/usr/lib/python3/dist-packages/requests/adapters.py", line 486, in send
    resp = conn.urlopen(
           ^^^^^^^^^^^^^
  File "/usr/lib/python3/dist-packages/urllib3/connectionpool.py", line 946, in urlopen
    return self.urlopen(
           ^^^^^^^^^^^^^
  File "/usr/lib/python3/dist-packages/urllib3/connectionpool.py", line 946, in urlopen
    return self.urlopen(
           ^^^^^^^^^^^^^
  File "/usr/lib/python3/dist-packages/urllib3/connectionpool.py", line 946, in urlopen
    return self.urlopen(
           ^^^^^^^^^^^^^
  File "/usr/lib/python3/dist-packages/urllib3/connectionpool.py", line 936, in urlopen
    retries = retries.increment(method, url, response=response, _pool=self)
              ^^^^^^^^^^^^^^^^^^^^^^^^^^^^^^^^^^^^^^^^^^^^^^^^^^^^^^^^^^^^^
  File "/usr/lib/python3/dist-packages/urllib3/util/retry.py", line 517, in increment
    raise MaxRetryError(_pool, url, reason) from reason  # type: ignore[arg-type]
    ^^^^^^^^^^^^^^^^^^^^^^^^^^^^^^^^^^^^^^^^^^^^^^^^^^^
urllib3.exceptions.MaxRetryError: HTTPConnectionPool(host='localhost', port=8888): Max retries exceeded with url: /webhook (Caused by ResponseError('too many 500 error responses'))

During handling of the above exception, another exception occurred:

Traceback (most recent call last):
  File "/opt/livekit1/backend/tests/webhooks/../../webhook_worker/worker.py", line 176, in deliver_webhook
    response = self.http_session.post(
               ^^^^^^^^^^^^^^^^^^^^^^^
  File "/usr/lib/python3/dist-packages/requests/sessions.py", line 637, in post
    return self.request("POST", url, data=data, json=json, **kwargs)
           ^^^^^^^^^^^^^^^^^^^^^^^^^^^^^^^^^^^^^^^^^^^^^^^^^^^^^^^^^
  File "/usr/lib/python3/dist-packages/requests/sessions.py", line 589, in request
    resp = self.send(prep, **send_kwargs)
           ^^^^^^^^^^^^^^^^^^^^^^^^^^^^^^
  File "/usr/lib/python3/dist-packages/requests/sessions.py", line 703, in send
    r = adapter.send(request, **kwargs)
        ^^^^^^^^^^^^^^^^^^^^^^^^^^^^^^^
  File "/usr/lib/python3/dist-packages/requests/adapters.py", line 510, in send
    raise RetryError(e, request=request)
requests.exceptions.RetryError: HTTPConnectionPool(host='localhost', port=8888): Max retries exceeded with url: /webhook (Caused by ResponseError('too many 500 error responses'))
🔄 Webhook 557aca59-623b-49de-9394-8d89d6bb6379 will retry at 2025-10-31T02:25:53.422411
Delivering webhook 557aca59-623b-49de-9394-8d89d6bb6379 (attempt 0/3) to http://localhost:8888/webhook
❌ Webhook 557aca59-623b-49de-9394-8d89d6bb6379 unexpected error: HTTPConnectionPool(host='localhost', port=8888): Max retries exceeded with url: /webhook (Caused by ResponseError('too many 500 error responses'))
urllib3.exceptions.ResponseError: too many 500 error responses

The above exception was the direct cause of the following exception:

Traceback (most recent call last):
  File "/usr/lib/python3/dist-packages/requests/adapters.py", line 486, in send
    resp = conn.urlopen(
           ^^^^^^^^^^^^^
  File "/usr/lib/python3/dist-packages/urllib3/connectionpool.py", line 946, in urlopen
    return self.urlopen(
           ^^^^^^^^^^^^^
  File "/usr/lib/python3/dist-packages/urllib3/connectionpool.py", line 946, in urlopen
    return self.urlopen(
           ^^^^^^^^^^^^^
  File "/usr/lib/python3/dist-packages/urllib3/connectionpool.py", line 946, in urlopen
    return self.urlopen(
           ^^^^^^^^^^^^^
  File "/usr/lib/python3/dist-packages/urllib3/connectionpool.py", line 936, in urlopen
    retries = retries.increment(method, url, response=response, _pool=self)
              ^^^^^^^^^^^^^^^^^^^^^^^^^^^^^^^^^^^^^^^^^^^^^^^^^^^^^^^^^^^^^
  File "/usr/lib/python3/dist-packages/urllib3/util/retry.py", line 517, in increment
    raise MaxRetryError(_pool, url, reason) from reason  # type: ignore[arg-type]
    ^^^^^^^^^^^^^^^^^^^^^^^^^^^^^^^^^^^^^^^^^^^^^^^^^^^
urllib3.exceptions.MaxRetryError: HTTPConnectionPool(host='localhost', port=8888): Max retries exceeded with url: /webhook (Caused by ResponseError('too many 500 error responses'))

During handling of the above exception, another exception occurred:

Traceback (most recent call last):
  File "/opt/livekit1/backend/tests/webhooks/../../webhook_worker/worker.py", line 176, in deliver_webhook
    response = self.http_session.post(
               ^^^^^^^^^^^^^^^^^^^^^^^
  File "/usr/lib/python3/dist-packages/requests/sessions.py", line 637, in post
    return self.request("POST", url, data=data, json=json, **kwargs)
           ^^^^^^^^^^^^^^^^^^^^^^^^^^^^^^^^^^^^^^^^^^^^^^^^^^^^^^^^^
  File "/usr/lib/python3/dist-packages/requests/sessions.py", line 589, in request
    resp = self.send(prep, **send_kwargs)
           ^^^^^^^^^^^^^^^^^^^^^^^^^^^^^^
  File "/usr/lib/python3/dist-packages/requests/sessions.py", line 703, in send
    r = adapter.send(request, **kwargs)
        ^^^^^^^^^^^^^^^^^^^^^^^^^^^^^^^
  File "/usr/lib/python3/dist-packages/requests/adapters.py", line 510, in send
    raise RetryError(e, request=request)
requests.exceptions.RetryError: HTTPConnectionPool(host='localhost', port=8888): Max retries exceeded with url: /webhook (Caused by ResponseError('too many 500 error responses'))
🔄 Webhook 557aca59-623b-49de-9394-8d89d6bb6379 will retry at 2025-10-31T02:25:57.277953
Delivering webhook 557aca59-623b-49de-9394-8d89d6bb6379 (attempt 0/3) to http://localhost:8888/webhook
❌ Webhook 557aca59-623b-49de-9394-8d89d6bb6379 unexpected error: HTTPConnectionPool(host='localhost', port=8888): Max retries exceeded with url: /webhook (Caused by ResponseError('too many 500 error responses'))
urllib3.exceptions.ResponseError: too many 500 error responses

The above exception was the direct cause of the following exception:

Traceback (most recent call last):
  File "/usr/lib/python3/dist-packages/requests/adapters.py", line 486, in send
    resp = conn.urlopen(
           ^^^^^^^^^^^^^
  File "/usr/lib/python3/dist-packages/urllib3/connectionpool.py", line 946, in urlopen
    return self.urlopen(
           ^^^^^^^^^^^^^
  File "/usr/lib/python3/dist-packages/urllib3/connectionpool.py", line 946, in urlopen
    return self.urlopen(
           ^^^^^^^^^^^^^
  File "/usr/lib/python3/dist-packages/urllib3/connectionpool.py", line 946, in urlopen
    return self.urlopen(
           ^^^^^^^^^^^^^
  File "/usr/lib/python3/dist-packages/urllib3/connectionpool.py", line 936, in urlopen
    retries = retries.increment(method, url, response=response, _pool=self)
              ^^^^^^^^^^^^^^^^^^^^^^^^^^^^^^^^^^^^^^^^^^^^^^^^^^^^^^^^^^^^^
  File "/usr/lib/python3/dist-packages/urllib3/util/retry.py", line 517, in increment
    raise MaxRetryError(_pool, url, reason) from reason  # type: ignore[arg-type]
    ^^^^^^^^^^^^^^^^^^^^^^^^^^^^^^^^^^^^^^^^^^^^^^^^^^^
urllib3.exceptions.MaxRetryError: HTTPConnectionPool(host='localhost', port=8888): Max retries exceeded with url: /webhook (Caused by ResponseError('too many 500 error responses'))

During handling of the above exception, another exception occurred:

Traceback (most recent call last):
  File "/opt/livekit1/backend/tests/webhooks/../../webhook_worker/worker.py", line 176, in deliver_webhook
    response = self.http_session.post(
               ^^^^^^^^^^^^^^^^^^^^^^^
  File "/usr/lib/python3/dist-packages/requests/sessions.py", line 637, in post
    return self.request("POST", url, data=data, json=json, **kwargs)
           ^^^^^^^^^^^^^^^^^^^^^^^^^^^^^^^^^^^^^^^^^^^^^^^^^^^^^^^^^
  File "/usr/lib/python3/dist-packages/requests/sessions.py", line 589, in request
    resp = self.send(prep, **send_kwargs)
           ^^^^^^^^^^^^^^^^^^^^^^^^^^^^^^
  File "/usr/lib/python3/dist-packages/requests/sessions.py", line 703, in send
    r = adapter.send(request, **kwargs)
        ^^^^^^^^^^^^^^^^^^^^^^^^^^^^^^^
  File "/usr/lib/python3/dist-packages/requests/adapters.py", line 510, in send
    raise RetryError(e, request=request)
requests.exceptions.RetryError: HTTPConnectionPool(host='localhost', port=8888): Max retries exceeded with url: /webhook (Caused by ResponseError('too many 500 error responses'))
🔄 Webhook 557aca59-623b-49de-9394-8d89d6bb6379 will retry at 2025-10-31T02:25:58.535706
Connecting to database...
Worker test initialized successfully
Delivering webhook 6be1b1b5-72b5-4ecc-a973-706df8296dd6 (attempt 0/5) to http://localhost:8888/webhook
✅ Webhook 6be1b1b5-72b5-4ecc-a973-706df8296dd6 delivered successfully (status 200)
